>>> name = __import__('3-say_my_name').say_my_name
>>> name('John', 'Smith')
My name is John Smith
>>> name(12, "White")
Traceback (most recent call last):
...
TypeError: first_name must be a string
>>> name('Julias')
My name is Julias 
>>> name()
Traceback (most recent call last):
...
TypeError: say_my_name() missing 1 required positional argument: 'first_name'
>>> name('Julias',12)
Traceback (most recent call last):
...
TypeError: last_name must be a string

